{"type": "TK_EOL", "begin": 0, "end": 0, "body": ""}
{"type": "TK_EOF", "begin": 0, "end": 0, "body": ""}
