{"type": "TK_EOF", "begin": 0, "end": 0, "body": ""}
