{"type": "TK_ESC", "begin": 0, "end": 4, "body": "puts"}
{"type": "TK_SEP", "begin": 4, "end": 5, "body": " "}
{"type": "TK_ESC", "begin": 5, "end": 6, "body": "5"}
{"type": "TK_EOL", "begin": 6, "end": 7, "body": "\n"}
{"type": "TK_EOF", "begin": 6, "end": 7, "body": "\n"}
