{"type": "TK_ESC", "begin": 0, "end": 3, "body": "set"}
{"type": "TK_SEP", "begin": 3, "end": 4, "body": " "}
{"type": "TK_ESC", "begin": 4, "end": 5, "body": "x"}
{"type": "TK_SEP", "begin": 5, "end": 6, "body": " "}
{"type": "TK_ESC", "begin": 6, "end": 8, "body": "42"}
{"type": "TK_EOL", "begin": 8, "end": 9, "body": "\n"}
{"type": "TK_ESC", "begin": 9, "end": 13, "body": "puts"}
{"type": "TK_SEP", "begin": 13, "end": 14, "body": " "}
{"type": "TK_ESC", "begin": 15, "end": 25, "body": "forty-two "}
{"type": "TK_VAR", "begin": 26, "end": 27, "body": "x"}
{"type": "TK_ESC", "begin": 27, "end": 27, "body": ""}
{"type": "TK_EOL", "begin": 28, "end": 29, "body": "\n"}
{"type": "TK_EOF", "begin": 28, "end": 29, "body": "\n"}
