{"type": "TK_ESC", "begin": 0, "end": 3, "body": "set"}
{"type": "TK_SEP", "begin": 3, "end": 4, "body": " "}
{"type": "TK_ESC", "begin": 4, "end": 5, "body": "x"}
{"type": "TK_SEP", "begin": 5, "end": 6, "body": " "}
{"type": "TK_ESC", "begin": 6, "end": 7, "body": "0"}
{"type": "TK_EOL", "begin": 7, "end": 8, "body": "\n"}
{"type": "TK_ESC", "begin": 8, "end": 13, "body": "while"}
{"type": "TK_SEP", "begin": 13, "end": 14, "body": " "}
{"type": "TK_STR", "begin": 15, "end": 22, "body": "< $x 10"}
{"type": "TK_SEP", "begin": 23, "end": 24, "body": " "}
{"type": "TK_STR", "begin": 25, "end": 43, "body": "\n  set x [+ $x 1]\n"}
{"type": "TK_EOL", "begin": 44, "end": 46, "body": "\n\n"}
{"type": "TK_ESC", "begin": 0, "end": 1, "body": "<"}
{"type": "TK_SEP", "begin": 1, "end": 2, "body": " "}
{"type": "TK_VAR", "begin": 3, "end": 4, "body": "x"}
{"type": "TK_SEP", "begin": 4, "end": 5, "body": " "}
{"type": "TK_ESC", "begin": 5, "end": 7, "body": "10"}
{"type": "TK_EOL", "begin": 5, "end": 7, "body": "10"}
{"type": "TK_EOF", "begin": 5, "end": 7, "body": "10"}
{"type": "TK_EOL", "begin": 0, "end": 3, "body": "\n  "}
{"type": "TK_ESC", "begin": 3, "end": 6, "body": "set"}
{"type": "TK_SEP", "begin": 6, "end": 7, "body": " "}
{"type": "TK_ESC", "begin": 7, "end": 8, "body": "x"}
{"type": "TK_SEP", "begin": 8, "end": 9, "body": " "}
{"type": "TK_CMD", "begin": 10, "end": 16, "body": "+ $x 1"}
{"type": "TK_ESC", "begin": 0, "end": 1, "body": "+"}
{"type": "TK_SEP", "begin": 1, "end": 2, "body": " "}
{"type": "TK_VAR", "begin": 3, "end": 4, "body": "x"}
{"type": "TK_SEP", "begin": 4, "end": 5, "body": " "}
{"type": "TK_ESC", "begin": 5, "end": 6, "body": "1"}
{"type": "TK_EOL", "begin": 5, "end": 6, "body": "1"}
{"type": "TK_EOF", "begin": 5, "end": 6, "body": "1"}
{"type": "TK_EOL", "begin": 17, "end": 18, "body": "\n"}
{"type": "TK_EOF", "begin": 17, "end": 18, "body": "\n"}
{"type": "TK_ESC", "begin": 0, "end": 1, "body": "<"}
{"type": "TK_SEP", "begin": 1, "end": 2, "body": " "}
{"type": "TK_VAR", "begin": 3, "end": 4, "body": "x"}
{"type": "TK_SEP", "begin": 4, "end": 5, "body": " "}
{"type": "TK_ESC", "begin": 5, "end": 7, "body": "10"}
{"type": "TK_EOL", "begin": 5, "end": 7, "body": "10"}
{"type": "TK_EOF", "begin": 5, "end": 7, "body": "10"}
{"type": "TK_EOL", "begin": 0, "end": 3, "body": "\n  "}
{"type": "TK_ESC", "begin": 3, "end": 6, "body": "set"}
{"type": "TK_SEP", "begin": 6, "end": 7, "body": " "}
{"type": "TK_ESC", "begin": 7, "end": 8, "body": "x"}
{"type": "TK_SEP", "begin": 8, "end": 9, "body": " "}
{"type": "TK_CMD", "begin": 10, "end": 16, "body": "+ $x 1"}
{"type": "TK_ESC", "begin": 0, "end": 1, "body": "+"}
{"type": "TK_SEP", "begin": 1, "end": 2, "body": " "}
{"type": "TK_VAR", "begin": 3, "end": 4, "body": "x"}
{"type": "TK_SEP", "begin": 4, "end": 5, "body": " "}
{"type": "TK_ESC", "begin": 5, "end": 6, "body": "1"}
{"type": "TK_EOL", "begin": 5, "end": 6, "body": "1"}
{"type": "TK_EOF", "begin": 5, "end": 6, "body": "1"}
{"type": "TK_EOL", "begin": 17, "end": 18, "body": "\n"}
{"type": "TK_EOF", "begin": 17, "end": 18, "body": "\n"}
{"type": "TK_ESC", "begin": 0, "end": 1, "body": "<"}
{"type": "TK_SEP", "begin": 1, "end": 2, "body": " "}
{"type": "TK_VAR", "begin": 3, "end": 4, "body": "x"}
{"type": "TK_SEP", "begin": 4, "end": 5, "body": " "}
{"type": "TK_ESC", "begin": 5, "end": 7, "body": "10"}
{"type": "TK_EOL", "begin": 5, "end": 7, "body": "10"}
{"type": "TK_EOF", "begin": 5, "end": 7, "body": "10"}
{"type": "TK_EOL", "begin": 0, "end": 3, "body": "\n  "}
{"type": "TK_ESC", "begin": 3, "end": 6, "body": "set"}
{"type": "TK_SEP", "begin": 6, "end": 7, "body": " "}
{"type": "TK_ESC", "begin": 7, "end": 8, "body": "x"}
{"type": "TK_SEP", "begin": 8, "end": 9, "body": " "}
{"type": "TK_CMD", "begin": 10, "end": 16, "body": "+ $x 1"}
{"type": "TK_ESC", "begin": 0, "end": 1, "body": "+"}
{"type": "TK_SEP", "begin": 1, "end": 2, "body": " "}
{"type": "TK_VAR", "begin": 3, "end": 4, "body": "x"}
{"type": "TK_SEP", "begin": 4, "end": 5, "body": " "}
{"type": "TK_ESC", "begin": 5, "end": 6, "body": "1"}
{"type": "TK_EOL", "begin": 5, "end": 6, "body": "1"}
{"type": "TK_EOF", "begin": 5, "end": 6, "body": "1"}
{"type": "TK_EOL", "begin": 17, "end": 18, "body": "\n"}
{"type": "TK_EOF", "begin": 17, "end": 18, "body": "\n"}
{"type": "TK_ESC", "begin": 0, "end": 1, "body": "<"}
{"type": "TK_SEP", "begin": 1, "end": 2, "body": " "}
{"type": "TK_VAR", "begin": 3, "end": 4, "body": "x"}
{"type": "TK_SEP", "begin": 4, "end": 5, "body": " "}
{"type": "TK_ESC", "begin": 5, "end": 7, "body": "10"}
{"type": "TK_EOL", "begin": 5, "end": 7, "body": "10"}
{"type": "TK_EOF", "begin": 5, "end": 7, "body": "10"}
{"type": "TK_EOL", "begin": 0, "end": 3, "body": "\n  "}
{"type": "TK_ESC", "begin": 3, "end": 6, "body": "set"}
{"type": "TK_SEP", "begin": 6, "end": 7, "body": " "}
{"type": "TK_ESC", "begin": 7, "end": 8, "body": "x"}
{"type": "TK_SEP", "begin": 8, "end": 9, "body": " "}
{"type": "TK_CMD", "begin": 10, "end": 16, "body": "+ $x 1"}
{"type": "TK_ESC", "begin": 0, "end": 1, "body": "+"}
{"type": "TK_SEP", "begin": 1, "end": 2, "body": " "}
{"type": "TK_VAR", "begin": 3, "end": 4, "body": "x"}
{"type": "TK_SEP", "begin": 4, "end": 5, "body": " "}
{"type": "TK_ESC", "begin": 5, "end": 6, "body": "1"}
{"type": "TK_EOL", "begin": 5, "end": 6, "body": "1"}
{"type": "TK_EOF", "begin": 5, "end": 6, "body": "1"}
{"type": "TK_EOL", "begin": 17, "end": 18, "body": "\n"}
{"type": "TK_EOF", "begin": 17, "end": 18, "body": "\n"}
{"type": "TK_ESC", "begin": 0, "end": 1, "body": "<"}
{"type": "TK_SEP", "begin": 1, "end": 2, "body": " "}
{"type": "TK_VAR", "begin": 3, "end": 4, "body": "x"}
{"type": "TK_SEP", "begin": 4, "end": 5, "body": " "}
{"type": "TK_ESC", "begin": 5, "end": 7, "body": "10"}
{"type": "TK_EOL", "begin": 5, "end": 7, "body": "10"}
{"type": "TK_EOF", "begin": 5, "end": 7, "body": "10"}
{"type": "TK_EOL", "begin": 0, "end": 3, "body": "\n  "}
{"type": "TK_ESC", "begin": 3, "end": 6, "body": "set"}
{"type": "TK_SEP", "begin": 6, "end": 7, "body": " "}
{"type": "TK_ESC", "begin": 7, "end": 8, "body": "x"}
{"type": "TK_SEP", "begin": 8, "end": 9, "body": " "}
{"type": "TK_CMD", "begin": 10, "end": 16, "body": "+ $x 1"}
{"type": "TK_ESC", "begin": 0, "end": 1, "body": "+"}
{"type": "TK_SEP", "begin": 1, "end": 2, "body": " "}
{"type": "TK_VAR", "begin": 3, "end": 4, "body": "x"}
{"type": "TK_SEP", "begin": 4, "end": 5, "body": " "}
{"type": "TK_ESC", "begin": 5, "end": 6, "body": "1"}
{"type": "TK_EOL", "begin": 5, "end": 6, "body": "1"}
{"type": "TK_EOF", "begin": 5, "end": 6, "body": "1"}
{"type": "TK_EOL", "begin": 17, "end": 18, "body": "\n"}
{"type": "TK_EOF", "begin": 17, "end": 18, "body": "\n"}
{"type": "TK_ESC", "begin": 0, "end": 1, "body": "<"}
{"type": "TK_SEP", "begin": 1, "end": 2, "body": " "}
{"type": "TK_VAR", "begin": 3, "end": 4, "body": "x"}
{"type": "TK_SEP", "begin": 4, "end": 5, "body": " "}
{"type": "TK_ESC", "begin": 5, "end": 7, "body": "10"}
{"type": "TK_EOL", "begin": 5, "end": 7, "body": "10"}
{"type": "TK_EOF", "begin": 5, "end": 7, "body": "10"}
{"type": "TK_EOL", "begin": 0, "end": 3, "body": "\n  "}
{"type": "TK_ESC", "begin": 3, "end": 6, "body": "set"}
{"type": "TK_SEP", "begin": 6, "end": 7, "body": " "}
{"type": "TK_ESC", "begin": 7, "end": 8, "body": "x"}
{"type": "TK_SEP", "begin": 8, "end": 9, "body": " "}
{"type": "TK_CMD", "begin": 10, "end": 16, "body": "+ $x 1"}
{"type": "TK_ESC", "begin": 0, "end": 1, "body": "+"}
{"type": "TK_SEP", "begin": 1, "end": 2, "body": " "}
{"type": "TK_VAR", "begin": 3, "end": 4, "body": "x"}
{"type": "TK_SEP", "begin": 4, "end": 5, "body": " "}
{"type": "TK_ESC", "begin": 5, "end": 6, "body": "1"}
{"type": "TK_EOL", "begin": 5, "end": 6, "body": "1"}
{"type": "TK_EOF", "begin": 5, "end": 6, "body": "1"}
{"type": "TK_EOL", "begin": 17, "end": 18, "body": "\n"}
{"type": "TK_EOF", "begin": 17, "end": 18, "body": "\n"}
{"type": "TK_ESC", "begin": 0, "end": 1, "body": "<"}
{"type": "TK_SEP", "begin": 1, "end": 2, "body": " "}
{"type": "TK_VAR", "begin": 3, "end": 4, "body": "x"}
{"type": "TK_SEP", "begin": 4, "end": 5, "body": " "}
{"type": "TK_ESC", "begin": 5, "end": 7, "body": "10"}
{"type": "TK_EOL", "begin": 5, "end": 7, "body": "10"}
{"type": "TK_EOF", "begin": 5, "end": 7, "body": "10"}
{"type": "TK_EOL", "begin": 0, "end": 3, "body": "\n  "}
{"type": "TK_ESC", "begin": 3, "end": 6, "body": "set"}
{"type": "TK_SEP", "begin": 6, "end": 7, "body": " "}
{"type": "TK_ESC", "begin": 7, "end": 8, "body": "x"}
{"type": "TK_SEP", "begin": 8, "end": 9, "body": " "}
{"type": "TK_CMD", "begin": 10, "end": 16, "body": "+ $x 1"}
{"type": "TK_ESC", "begin": 0, "end": 1, "body": "+"}
{"type": "TK_SEP", "begin": 1, "end": 2, "body": " "}
{"type": "TK_VAR", "begin": 3, "end": 4, "body": "x"}
{"type": "TK_SEP", "begin": 4, "end": 5, "body": " "}
{"type": "TK_ESC", "begin": 5, "end": 6, "body": "1"}
{"type": "TK_EOL", "begin": 5, "end": 6, "body": "1"}
{"type": "TK_EOF", "begin": 5, "end": 6, "body": "1"}
{"type": "TK_EOL", "begin": 17, "end": 18, "body": "\n"}
{"type": "TK_EOF", "begin": 17, "end": 18, "body": "\n"}
{"type": "TK_ESC", "begin": 0, "end": 1, "body": "<"}
{"type": "TK_SEP", "begin": 1, "end": 2, "body": " "}
{"type": "TK_VAR", "begin": 3, "end": 4, "body": "x"}
{"type": "TK_SEP", "begin": 4, "end": 5, "body": " "}
{"type": "TK_ESC", "begin": 5, "end": 7, "body": "10"}
{"type": "TK_EOL", "begin": 5, "end": 7, "body": "10"}
{"type": "TK_EOF", "begin": 5, "end": 7, "body": "10"}
{"type": "TK_EOL", "begin": 0, "end": 3, "body": "\n  "}
{"type": "TK_ESC", "begin": 3, "end": 6, "body": "set"}
{"type": "TK_SEP", "begin": 6, "end": 7, "body": " "}
{"type": "TK_ESC", "begin": 7, "end": 8, "body": "x"}
{"type": "TK_SEP", "begin": 8, "end": 9, "body": " "}
{"type": "TK_CMD", "begin": 10, "end": 16, "body": "+ $x 1"}
{"type": "TK_ESC", "begin": 0, "end": 1, "body": "+"}
{"type": "TK_SEP", "begin": 1, "end": 2, "body": " "}
{"type": "TK_VAR", "begin": 3, "end": 4, "body": "x"}
{"type": "TK_SEP", "begin": 4, "end": 5, "body": " "}
{"type": "TK_ESC", "begin": 5, "end": 6, "body": "1"}
{"type": "TK_EOL", "begin": 5, "end": 6, "body": "1"}
{"type": "TK_EOF", "begin": 5, "end": 6, "body": "1"}
{"type": "TK_EOL", "begin": 17, "end": 18, "body": "\n"}
{"type": "TK_EOF", "begin": 17, "end": 18, "body": "\n"}
{"type": "TK_ESC", "begin": 0, "end": 1, "body": "<"}
{"type": "TK_SEP", "begin": 1, "end": 2, "body": " "}
{"type": "TK_VAR", "begin": 3, "end": 4, "body": "x"}
{"type": "TK_SEP", "begin": 4, "end": 5, "body": " "}
{"type": "TK_ESC", "begin": 5, "end": 7, "body": "10"}
{"type": "TK_EOL", "begin": 5, "end": 7, "body": "10"}
{"type": "TK_EOF", "begin": 5, "end": 7, "body": "10"}
{"type": "TK_EOL", "begin": 0, "end": 3, "body": "\n  "}
{"type": "TK_ESC", "begin": 3, "end": 6, "body": "set"}
{"type": "TK_SEP", "begin": 6, "end": 7, "body": " "}
{"type": "TK_ESC", "begin": 7, "end": 8, "body": "x"}
{"type": "TK_SEP", "begin": 8, "end": 9, "body": " "}
{"type": "TK_CMD", "begin": 10, "end": 16, "body": "+ $x 1"}
{"type": "TK_ESC", "begin": 0, "end": 1, "body": "+"}
{"type": "TK_SEP", "begin": 1, "end": 2, "body": " "}
{"type": "TK_VAR", "begin": 3, "end": 4, "body": "x"}
{"type": "TK_SEP", "begin": 4, "end": 5, "body": " "}
{"type": "TK_ESC", "begin": 5, "end": 6, "body": "1"}
{"type": "TK_EOL", "begin": 5, "end": 6, "body": "1"}
{"type": "TK_EOF", "begin": 5, "end": 6, "body": "1"}
{"type": "TK_EOL", "begin": 17, "end": 18, "body": "\n"}
{"type": "TK_EOF", "begin": 17, "end": 18, "body": "\n"}
{"type": "TK_ESC", "begin": 0, "end": 1, "body": "<"}
{"type": "TK_SEP", "begin": 1, "end": 2, "body": " "}
{"type": "TK_VAR", "begin": 3, "end": 4, "body": "x"}
{"type": "TK_SEP", "begin": 4, "end": 5, "body": " "}
{"type": "TK_ESC", "begin": 5, "end": 7, "body": "10"}
{"type": "TK_EOL", "begin": 5, "end": 7, "body": "10"}
{"type": "TK_EOF", "begin": 5, "end": 7, "body": "10"}
{"type": "TK_EOL", "begin": 0, "end": 3, "body": "\n  "}
{"type": "TK_ESC", "begin": 3, "end": 6, "body": "set"}
{"type": "TK_SEP", "begin": 6, "end": 7, "body": " "}
{"type": "TK_ESC", "begin": 7, "end": 8, "body": "x"}
{"type": "TK_SEP", "begin": 8, "end": 9, "body": " "}
{"type": "TK_CMD", "begin": 10, "end": 16, "body": "+ $x 1"}
{"type": "TK_ESC", "begin": 0, "end": 1, "body": "+"}
{"type": "TK_SEP", "begin": 1, "end": 2, "body": " "}
{"type": "TK_VAR", "begin": 3, "end": 4, "body": "x"}
{"type": "TK_SEP", "begin": 4, "end": 5, "body": " "}
{"type": "TK_ESC", "begin": 5, "end": 6, "body": "1"}
{"type": "TK_EOL", "begin": 5, "end": 6, "body": "1"}
{"type": "TK_EOF", "begin": 5, "end": 6, "body": "1"}
{"type": "TK_EOL", "begin": 17, "end": 18, "body": "\n"}
{"type": "TK_EOF", "begin": 17, "end": 18, "body": "\n"}
{"type": "TK_ESC", "begin": 0, "end": 1, "body": "<"}
{"type": "TK_SEP", "begin": 1, "end": 2, "body": " "}
{"type": "TK_VAR", "begin": 3, "end": 4, "body": "x"}
{"type": "TK_SEP", "begin": 4, "end": 5, "body": " "}
{"type": "TK_ESC", "begin": 5, "end": 7, "body": "10"}
{"type": "TK_EOL", "begin": 5, "end": 7, "body": "10"}
{"type": "TK_EOF", "begin": 5, "end": 7, "body": "10"}
{"type": "TK_ESC", "begin": 46, "end": 50, "body": "puts"}
{"type": "TK_SEP", "begin": 50, "end": 51, "body": " "}
{"type": "TK_VAR", "begin": 52, "end": 53, "body": "x"}
{"type": "TK_EOL", "begin": 53, "end": 54, "body": "\n"}
{"type": "TK_EOF", "begin": 53, "end": 54, "body": "\n"}
